Type-safe project accessors is an incubating feature.

> Configure project :composeApp
w: [33m[1m⚠️ The 'org.jetbrains.kotlin.multiplatform' plugin deprecated compatibility with Android Gradle plugin: 'com.android.application'[0m[0m
The 'org.jetbrains.kotlin.multiplatform' plugin will not be compatible with 'com.android.application' starting with Android Gradle Plugin 9.0.0.

Please change the structure of the your project and move the usage of 'com.android.application' into a separate subproject. The new subproject should add a dependency on this KMP subproject.

Read more: https://kotl.in/kmp-project-structure-migration
[32m[1mSolution:[0m[0m
[32m[3mPlease change the structure of your project and move the usage of 'com.android.application' into a separate subproject.[0m[0m
[36mSee [0m[34mhttps://kotl.in/gradle/agp-new-kmp[0m[36m for more details.[0m


> Task :composeApp:kmpPartiallyResolvedDependenciesChecker
> Task :composeApp:checkKotlinGradlePluginConfigurationErrors SKIPPED
> Task :composeApp:convertXmlValueResourcesForCommonMain NO-SOURCE
> Task :composeApp:copyNonXmlValueResourcesForCommonMain UP-TO-DATE
> Task :composeApp:prepareComposeResourcesTaskForCommonMain UP-TO-DATE
> Task :composeApp:generateResourceAccessorsForCommonMain UP-TO-DATE
> Task :composeApp:convertXmlValueResourcesForJvmMain NO-SOURCE
> Task :composeApp:copyNonXmlValueResourcesForJvmMain NO-SOURCE
> Task :composeApp:prepareComposeResourcesTaskForJvmMain NO-SOURCE
> Task :composeApp:generateResourceAccessorsForJvmMain NO-SOURCE
> Task :composeApp:generateActualResourceCollectorsForJvmMain UP-TO-DATE
> Task :composeApp:generateComposeResClass UP-TO-DATE
> Task :composeApp:generateExpectResourceCollectorsForCommonMain UP-TO-DATE

> Task :composeApp:compileKotlinJvm FAILED
e: file:///home/pomares/TFG/PManagetFrontEnd/composeApp/src/commonMain/kotlin/bg/pm/ui/home/PantallaPrincipal.kt:353:13 This material API is experimental and is likely to change or to be removed in the future.

[Incubating] Problems report is available at: file:///home/pomares/TFG/PManagetFrontEnd/build/reports/problems/problems-report.html

FAILURE: Build failed with an exception.

* What went wrong:
Execution failed for task ':composeApp:compileKotlinJvm'.
> A failure occurred while executing org.jetbrains.kotlin.compilerRunner.GradleCompilerRunnerWithWorkers$GradleKotlinCompilerWorkAction
   > Compilation error. See log for more details

* Try:
> Run with --stacktrace option to get the stack trace.
> Run with --info or --debug option to get more log output.
> Run with --scan to get full insights.
> Get more help at https://help.gradle.org.

BUILD FAILED in 7s
8 actionable tasks: 2 executed, 6 up-to-date
